=== Environment ===
node v22.22.2
2026-08-13T00:13:36Z

=== 1) node --test tests/*.test.js (pre-build, source-level regression) ===
  ...
1..4135
# tests 4135
# suites 0
# pass 4135
# fail 0
# cancelled 0
# skipped 0
# todo 0
# duration_ms 48734.911563

=== 2) node scripts/build.js ===
Mengecek pola bug "u-dnone (!important) vs style.display"...
✓ Tidak ada elemen u-dnone yang berisiko permanen kosong

Mengecek catch block yang kosong total (menelan error tanpa jejak)...

⚠️  29 catch block kosong total ditemukan (build TETAP LANJUT, ini cuma peringatan):

  - modules/shared/modules-render.js:1773 — catch block kosong total (tanpa kode maupun komentar), error ditelan tanpa jejak
  - modules/shared/modules-render.js:1959 — catch block kosong total (tanpa kode maupun komentar), error ditelan tanpa jejak
  - modules/shared/modules-calc.js:797 — catch block kosong total (tanpa kode maupun komentar), error ditelan tanpa jejak
  - modules/finance/pajak-pbb-zakat.js:268 — catch block kosong total (tanpa kode maupun komentar), error ditelan tanpa jejak
  - modules/finance/pajak-pbb-zakat.js:270 — catch block kosong total (tanpa kode maupun komentar), error ditelan tanpa jejak
  - modules/asset/aset.js:2733 — catch block kosong total (tanpa kode maupun komentar), error ditelan tanpa jejak
  - modules/asset/aset.js:2746 — catch block kosong total (tanpa kode maupun komentar), error ditelan tanpa jejak
  - modules/shared/features-helpers-global-security.js:450 — catch block kosong total (tanpa kode maupun komentar), error ditelan tanpa jejak
  - modules/shared/features-helpers-global-security.js:599 — catch block kosong total (tanpa kode maupun komentar), error ditelan tanpa jejak
  - modules/shared/error-handler.js:29 — catch block kosong total (tanpa kode maupun komentar), error ditelan tanpa jejak
  - modules/shared/keamanan-pin.js:193 — catch block kosong total (tanpa kode maupun komentar), error ditelan tanpa jejak
  - modules/shared/keamanan-pin.js:254 — catch block kosong total (tanpa kode maupun komentar), error ditelan tanpa jejak
  - modules/home/refleksi-selfcare.js:233 — catch block kosong total (tanpa kode maupun komentar), error ditelan tanpa jejak
  - modules/shared/modal-navigasi.js:349 — catch block kosong total (tanpa kode maupun komentar), error ditelan tanpa jejak
  - modules/shared/modal-navigasi.js:353 — catch block kosong total (tanpa kode maupun komentar), error ditelan tanpa jejak
  - modules/shared/modal-navigasi.js:366 — catch block kosong total (tanpa kode maupun komentar), error ditelan tanpa jejak
  - modules/shared/debug-console.js:24 — catch block kosong total (tanpa kode maupun komentar), error ditelan tanpa jejak
  - modules/shared/debug-console.js:31 — catch block kosong total (tanpa kode maupun komentar), error ditelan tanpa jejak
  - modules/shared/onboarding.js:37 — catch block kosong total (tanpa kode maupun komentar), error ditelan tanpa jejak
  - modules/shared/scan-ocr.js:71 — catch block kosong total (tanpa kode maupun komentar), error ditelan tanpa jejak
  - modules/vehicle/vehicle-scanner.js:53 — catch block kosong total (tanpa kode maupun komentar), error ditelan tanpa jejak
  - modules/vehicle/sparepart-servis.js:1208 — catch block kosong total (tanpa kode maupun komentar), error ditelan tanpa jejak
  - ai-chat.js:546 — catch block kosong total (tanpa kode maupun komentar), error ditelan tanpa jejak
  - ai-chat.js:592 — catch block kosong total (tanpa kode maupun komentar), error ditelan tanpa jejak
  - ai-chat.js:981 — catch block kosong total (tanpa kode maupun komentar), error ditelan tanpa jejak
  - ai-chat.js:1038 — catch block kosong total (tanpa kode maupun komentar), error ditelan tanpa jejak
  - ai-chat.js:1045 — catch block kosong total (tanpa kode maupun komentar), error ditelan tanpa jejak
  - ai-chat.js:1053 — catch block kosong total (tanpa kode maupun komentar), error ditelan tanpa jejak
  - gdrive-backup.js:47 — catch block kosong total (tanpa kode maupun komentar), error ditelan tanpa jejak

Catch yang sengaja diam itu boleh, tapi tambahkan minimal komentar yang menjelaskan
kenapa (mis. `catch(e){ /* localStorage tidak tersedia, aman diabaikan */ }`), atau
log seadanya (console.warn/console.debug) supaya kalau errornya tidak terduga masih
ada jejaknya. Daftar di atas cuma warning (banyak yang pre-existing & sengaja) — perbaiki
kalau sempat, atau biarkan kalau memang sudah sengaja & masih relevan.

Mengecek pola bug "field user dirender tanpa escapeHtml()"...
✓ Tidak ada field user yang dirender tanpa escapeHtml() (template literal maupun concatenation)

Mengecek regresi pola bug "chicken-egg" OCR (typeof Tesseract==='undefined' sbg guard dini)...
✓ Tidak ada regresi pola guard dini Tesseract

Mengecek regresi "MODAL_HTML index drift" (document.write(MODAL_HTML[N]) vs isi array sungguhan)...
✓ Tidak ada drift antara document.write(MODAL_HTML[N]) & isi MODAL_HTML sungguhan

Mengecek regresi "drift struktural Scanner" (vehicle-scanner.js vs sparepart-scanner.js)...
✓ Tidak ada drift struktural antara vehicle-scanner.js & sparepart-scanner.js

Mengecek "Coverage Baseline" di docs/AUDIT_MATRIX.md vs jumlah file sungguhan...

⚠️  docs/AUDIT_MATRIX.md kemungkinan sudah usang (build TETAP LANJUT, ini cuma peringatan):

  - docs/AUDIT_MATRIX.md — "Total files": dokumen bilang 861, repo sungguhan 1194 (selisih 333)
  - docs/AUDIT_MATRIX.md — "JavaScript": dokumen bilang 579, repo sungguhan 763 (selisih 184)
  - docs/AUDIT_MATRIX.md — "Markdown": dokumen bilang 258, repo sungguhan 401 (selisih 143)

Update tabel "Coverage Baseline" di docs/AUDIT_MATRIX.md kalau perubahan ini disengaja.

Mengecek regresi "overlay classList.add('open') tanpa lewat openModal()/_queueDialog()/openQS()" (tier-2 dari audit ScannerSession self-heal s360-s362)...
✓ Semua overlay dibuka lewat jalur yang sudah dipasangi self-heal ScannerSession (openModal()/_queueDialog()/openQS())

Mengecek regresi "classList.add('open') tanpa reflow paksa" di modal-navigasi.js (sisa rekomendasi FIX-s368-overlay-open-animation-reflow-race.md)...
✓ Semua classList.add('open') di modal-navigasi.js diikuti reflow paksa (offsetWidth)

Mengecek file source .js yang sudah lewat 1600 baris (kandidat dipecah)...

⚠️  10 file source sudah kegedean (build TETAP LANJUT, ini cuma peringatan):

  - modules/asset/aset.js — 3175 baris (ambang: 1600)
  - modules/shop/business-flow-presenter.js — 2777 baris (ambang: 1600)
  - scripts/build.js — 2325 baris (ambang: 1600)
  - modules/shared/modules-render.js — 2068 baris (ambang: 1600)
  - modules/modules-render.js — 2041 baris (ambang: 1600)
  - modules/shop/modules-render.js — 1974 baris (ambang: 1600)
  - modules/shared/scan-ocr.js — 1677 baris (ambang: 1600)
  - finance/dana-titipan-portfolio-presenter.js — 1641 baris (ambang: 1600)
  - modules/finance/dana-titipan-portfolio-presenter.js — 1641 baris (ambang: 1600)
  - modules/finance/transaksi.js — 1637 baris (ambang: 1600)

File besar = blast radius besar tiap edit. Pertimbangkan dipecah per submodul kalau
sempat. Kalau memang sengaja besar & sudah didiskusikan, tambahkan ke
OVERSIZED_FILE_ALLOWLIST di scripts/build.js.

Versi lama : s582-9-preexisting-test-failures-closeout
Versi baru : s583-9-preexisting-test-failures-closeout

✓ Versi disamakan di 5 file source: modules/shared/modules-render.js, modules/shared/modals.js, modules/shared/modules-calc.js, chat-action-handlers.js, modules/shared/features-helpers-global-security.js
✓ Semua konstanta versi (MODULE_RENDER_VERSION/MODAL_VERSION/MODULE_CALC_VERSION/MODULE_FEATURES_VERSION/APP_BUILD_VERSION/PRODUCTION_BUILD_SYNCED_VERSION) terverifikasi sinkron

✓ app-bundle-a.min.js ditulis (1276.6 KB — TANPA minifikasi, esbuild tidak ditemukan)
✓ app-bundle-b.min.js ditulis (3235.4 KB — TANPA minifikasi, esbuild tidak ditemukan)
✓ Backup bundle lama disimpan di backups/ (app-bundle-a.min.s582-9-preexisting-test-failures-closeout.2026-08-13T00-14-25-675Z.js, app-bundle-b.min.s582-9-preexisting-test-failures-closeout.2026-08-13T00-14-25-703Z.js)

Versi lama tertinggi terdeteksi : 1313
Versi baru yang akan dipakai     : 1314

  ✓ app_production.html -> semua ?v= jadi ?v=1314
  ✓ index.html -> semua ?v= jadi ?v=1314
  ✓ sw.js -> CACHE_NAME jadi 'kw-cache-v1314'

Selesai. Semua file sekarang konsisten di versi 1314.
Jangan lupa: upload ULANG semua file yang berubah, bukan cuma HTML/sw.js.
Mengecek sintaks bundle hasil build...
✓ Sintaks kedua bundle valid (node --check lolos)

✓ index.html & app_production.html sudah sinkron.

✅ Build "s583-9-preexisting-test-failures-closeout" selesai & lolos cek sintaks. Siap di-upload (jangan lupa upload SEMUA file yang berubah, bukan cuma HTML).
✓ FILE-MAP.md ditulis (308 file, 2140 identifier global).
✓ COVERAGE-PER-MODULE.md ditulis (19 family, 4 tanpa test file langsung).

Catatan: esbuild belum terpasang di environment ini, jadi bundle di atas belum diminify
(ukurannya lebih besar dari build sebelumnya, tapi 100% valid & aman dipakai).
Kalau mau ukuran sekecil versi lama, jalankan sekali (butuh internet):
  npm install --save-dev esbuild
lalu jalankan ulang "node build.js" — otomatis kepakai kalau terdeteksi ada.

=== 3) node scripts/verify-bundle-freshness.js ===
✓ app-bundle-a.min.js segar (hash source cocok: 3243a9c010d7e171)
✓ app-bundle-b.min.js segar (hash source cocok: 046d2eb5dad4532c)

✅ Semua bundle segar & siap deploy.

=== 4) node scripts/verify-window-expose.js ===
✓ verify-window-expose: OK — 73 modul dipakai lewat data-action, semuanya sudah window-expose (dari 377 deklarasi objek top-level, 373 file di-scan).

=== 5) node --check on generated bundles ===
app-bundle-a.min.js: syntax OK
app-bundle-b.min.js: syntax OK

=== 6) node --test tests/*.test.js (post-build, final regression) ===
  ...
1..4135
# tests 4135
# suites 0
# pass 4135
# fail 0
# cancelled 0
# skipped 0
# todo 0
# duration_ms 49244.048545
